eeschema (2013-07-07 BZR 4022)-stable  >> Creation date: 07/12/2014 16:52:51
#Cmp ( ordre = Référence )
| ASSOC1     LED         
| ASSOC2     LED         
| BtB1       CONN_5      
| C1         C           
| C2         C           
| C3         C           
| C4         C           
| C5         C           
| C6         C           
| C7         C           
| CAN_RX1    LED         
| CAN_TX1    LED         
| D0         LED         
| D1         LED         
| D2         LED         
| D3         LED         
| D4         LED         
| dsPIC_RESET1 SW_PUSH     
| FT232      FT232RL     
| FT_RESET1  SW_PUSH     
| ON1        LED         
| ON2        LED         
| P1         CONN_5      
| R1         R           
| R2         R           
| R3         R           
| R4         R           
| R5         R           
| R6         R           
| R7         R           
| R8         R           
| R9         R           
| R10        R           
| R11        R           
| R12        R           
| R13        R           
| R14        R           
| R15        R           
| R16        R           
| R17        R           
| R18        R           
| R19        R           
| RSSI1      LED         
| T1         CONN_1      
| T2         CONN_1      
| T3         CONN_1      
| T4         CONN_1      
| U1         7805        
| U2         3DR_RADIO   
| U3         XBEE        
| U4         7803        
| U5         DSPIC33FJXXXMC802
| U6         SN65HVD230D 
| UART->USB1 LED         
| USB1       CONN_5      
| USB->UART1 LED         
| XB_RESET1  SW_PUSH     
| Xbee_RX1   LED         
| Xbee_RX2   LED         
| Xbee_TX1   LED         
| Xbee_TX2   LED         
#End Cmp

#Cmp ( ordre = Valeur )
| LED          ASSOC1    
| LED          Xbee_TX2  
| LED          Xbee_TX1  
| LED          Xbee_RX2  
| LED          Xbee_RX1  
| SW_PUSH      XB_RESET1 
| LED          USB->UART1
| LED          UART->USB1
| SW_PUSH      FT_RESET1 
| SW_PUSH      dsPIC_RESET1
| LED          CAN_TX1   
| LED          ASSOC2    
| CONN_5       BtB1      
| C            C1        
| C            C2        
| C            C3        
| C            C4        
| C            C5        
| C            C6        
| C            C7        
| LED          D0        
| LED          D1        
| LED          D2        
| LED          D3        
| LED          D4        
| FT232RL      FT232     
| LED          ON1       
| LED          ON2       
| CONN_5       P1        
| R            R1        
| R            R2        
| R            R3        
| R            R4        
| R            R5        
| R            R6        
| R            R7        
| R            R8        
| R            R9        
| R            R10       
| R            R11       
| R            R12       
| R            R13       
| R            R14       
| CONN_1       T1        
| LED          CAN_RX1   
| R            R15       
| R            R16       
| R            R17       
| R            R18       
| R            R19       
| LED          RSSI1     
| CONN_1       T2        
| CONN_1       T3        
| CONN_1       T4        
| 7803         U4        
| 7805         U1        
| 3DR_RADIO    U2        
| XBEE         U3        
| DSPIC33FJXXXMC802 U5        
| SN65HVD230D  U6        
| CONN_5       USB1      
#End Cmp

#End List
